
Warning-[LNX_OS_VERUN] Unsupported Linux version
  Linux version 'Red Hat Enterprise Linux release 9.6 (Plow)' is not supported
  on 'x86_64' officially, assuming linux compatibility by default. Set 
  VCS_ARCH_OVERRIDE to linux or suse32 to override.
  Please refer to release notes for information on supported platforms.

Command: vcs -full64 -sverilog -timescale=1ns/1ps +vpi +define+UVM_OBJECT_MUST_HAVE_CONSTRUCTOR \
+incdir+/home/morris/uvm-1.2/src -cm line+cond+fsm+tgl+branch+assert -cm_dir ./coverage.vdb \
-l compile.log /home/morris/uvm-1.2/src/uvm.sv DUTS26_0.sv uvm_tb.sv /home/morris/uvm-1.2/src/dpi/uvm_dpi.cc \
-CFLAGS -DVCS
                         Chronologic VCS (TM)
      Version U-2023.03-SP2-8_Full64 -- Mon May 11 15:57:29 2026

                    Copyright (c) 1991 - 2024 Synopsys, Inc.
   This software and the associated documentation are proprietary to Synopsys,
 Inc. This software may only be used in accordance with the terms and conditions
 of a written license agreement with Synopsys, Inc. All other use, reproduction,
   or distribution of this software is strictly prohibited.  Licensed Products
     communicate with Synopsys servers for the purpose of providing software
    updates, detecting software piracy and verifying that customers are using
    Licensed Products in conformity with the applicable License Key for such
  Licensed Products. Synopsys will use information gathered in connection with
    this process to deliver software updates and pursue software pirates and
                                   infringers.

 Inclusivity & Diversity - Visit SolvNetPlus to read the "Synopsys Statement on
            Inclusivity and Diversity" (Refer to article 000036315 at
                        https://solvnetplus.synopsys.com)

The design hasn't changed and need not be recompiled. 
If you really want to, delete file simv.daidir/.vcs.timestamp and
run VCS again.

